C:/Users/Owner/STM32CubeIDE/WorkingNCR/LoRaWAN_End_Node/LoRaWAN/App/lora_app.c:720:13:OnSysTimeUpdate	0	static
C:/Users/Owner/STM32CubeIDE/WorkingNCR/LoRaWAN_End_Node/LoRaWAN/App/lora_app.c:763:13:OnTxFrameCtrlChanged	0	static
C:/Users/Owner/STM32CubeIDE/WorkingNCR/LoRaWAN_End_Node/LoRaWAN/App/lora_app.c:773:13:OnPingSlotPeriodicityChanged	0	static
C:/Users/Owner/STM32CubeIDE/WorkingNCR/LoRaWAN_End_Node/LoRaWAN/App/lora_app.c:687:13:OnBeaconStatusChange	72	static
C:/Users/Owner/STM32CubeIDE/WorkingNCR/LoRaWAN_End_Node/LoRaWAN/App/lora_app.c:726:13:OnClassChange	16	static
C:/Users/Owner/STM32CubeIDE/WorkingNCR/LoRaWAN_End_Node/LoRaWAN/App/lora_app.c:858:13:OnNvmDataChange	8	static
C:/Users/Owner/STM32CubeIDE/WorkingNCR/LoRaWAN_End_Node/LoRaWAN/App/lora_app.c:608:13:OnTxTimerEvent	8	static
C:/Users/Owner/STM32CubeIDE/WorkingNCR/LoRaWAN_End_Node/LoRaWAN/App/lora_app.c:732:13:OnMacProcessNotify	8	static
C:/Users/Owner/STM32CubeIDE/WorkingNCR/LoRaWAN_End_Node/LoRaWAN/App/lora_app.c:783:13:OnSystemReset	8	static,ignoring_inline_asm
C:/Users/Owner/STM32CubeIDE/WorkingNCR/LoRaWAN_End_Node/LoRaWAN/App/lora_app.c:743:13:OnTxPeriodicityChanged	8	static
C:/Users/Owner/STM32CubeIDE/WorkingNCR/LoRaWAN_End_Node/LoRaWAN/App/lora_app.c:637:13:OnTxData	24	static
C:/Users/Owner/STM32CubeIDE/WorkingNCR/LoRaWAN_End_Node/LoRaWAN/App/lora_app.c:664:13:OnJoinRequest	16	static
C:/Users/Owner/STM32CubeIDE/WorkingNCR/LoRaWAN_End_Node/LoRaWAN/App/lora_app.c:826:13:OnStopJoinTimerEvent	8	static
C:/Users/Owner/STM32CubeIDE/WorkingNCR/LoRaWAN_End_Node/LoRaWAN/App/lora_app.c:627:13:OnRxTimerLedEvent	8	static
C:/Users/Owner/STM32CubeIDE/WorkingNCR/LoRaWAN_End_Node/LoRaWAN/App/lora_app.c:623:13:OnTxTimerLedEvent	8	static
C:/Users/Owner/STM32CubeIDE/WorkingNCR/LoRaWAN_End_Node/LoRaWAN/App/lora_app.c:457:13:OnRxData	64	static
C:/Users/Owner/STM32CubeIDE/WorkingNCR/LoRaWAN_End_Node/LoRaWAN/App/lora_app.c:872:13:OnStoreContextRequest	16	static
C:/Users/Owner/STM32CubeIDE/WorkingNCR/LoRaWAN_End_Node/LoRaWAN/App/lora_app.c:886:13:OnRestoreContextRequest	8	static
C:/Users/Owner/STM32CubeIDE/WorkingNCR/LoRaWAN_End_Node/LoRaWAN/App/lora_app.c:796:13:StopJoin	16	static
C:/Users/Owner/STM32CubeIDE/WorkingNCR/LoRaWAN_End_Node/LoRaWAN/App/lora_app.c:840:13:StoreContext	8	static
C:/Users/Owner/STM32CubeIDE/WorkingNCR/LoRaWAN_End_Node/LoRaWAN/App/lora_app.c:542:13:SendTxData	32	static
C:/Users/Owner/STM32CubeIDE/WorkingNCR/LoRaWAN_End_Node/LoRaWAN/App/lora_app.c:631:13:OnJoinTimerLedEvent	8	static
C:/Users/Owner/STM32CubeIDE/WorkingNCR/LoRaWAN_End_Node/LoRaWAN/App/lora_app.c:334:6:LoRaWAN_Init	48	static
C:/Users/Owner/STM32CubeIDE/WorkingNCR/LoRaWAN_End_Node/LoRaWAN/App/lora_app.c:429:6:HAL_GPIO_EXTI_Callback	8	static
